[constructionbim.faro.com/index.html]
[backblue.gif]
[fade.gif]
[index.html]
[constructionbim.faro.com/wp-content/plugins/image-caption-hover-visual-composer-addon/css/style4f4a.css]
[constructionbim.faro.com/wp-content/plugins/revslider/public/assets/css/settingsa88c.css]
[constructionbim.faro.com/en/index.html]
[constructionbim.faro.com/wp-content/plugins/js_composer/assets/css/js_composer.min9d08.css]
[constructionbim.faro.com/en/feed/index.html]
[constructionbim.faro.com/en/comments/feed/index.html]
[constructionbim.faro.com/wp-content/uploads/sites/4/pum/pum-site-styles-40b9e.css]
[constructionbim.faro.com/wp-content/themes/dt-the7/css/main.min8aee.css]
[constructionbim.faro.com/wp-content/themes/dt-the7/fonts/FontAwesome/css/font-awesome.min8aee.css]
[constructionbim.faro.com/wp-content/themes/dt-the7/fonts/fontello/css/fontello.min8aee.css]
[constructionbim.faro.com/wp-content/uploads/wp-less/dt-the7/css/media-69669ceb2e8aee.css]
[constructionbim.faro.com/wp-content/uploads/wp-less/dt-the7/css/custom-44fc1b4f5a8aee.css]
[constructionbim.faro.com/wp-content/themes/dt-the7/style8aee.css]
[constructionbim.faro.com/wp-content/uploads/sites/2/2016/10/download_icon2-pdf.png]
[constructionbim.faro.com/wp-content/uploads/sites/4/2018/08/icon_Traceable_As-Built_Model_and_Design-40x40px.png]
[constructionbim.faro.com/wp-content/uploads/sites/4/2018/09/icon_Traceable_On-Site_Capture_20x20.png]
[constructionbim.faro.com/wp-content/uploads/sites/4/2018/09/icon_Traceable_As-Built_Model_and_Design-20x20.png]
[constructionbim.faro.com/wp-content/uploads/sites/4/2018/09/icon_Traceable_Design_Layout_20x20.png]
[constructionbim.faro.com/wp-content/uploads/sites/4/2018/09/icon_Traceable_Quality_Controle_20x20.png]
[constructionbim.faro.com/wp-content/uploads/sites/4/2018/09/icon_Traceable_Data_Connect_and_Share_20x20.png]
[constructionbim.faro.com/wp-content/uploads/sites/4/smile_fonts/Defaults/Defaults4f4a.css]
[constructionbim.faro.com/wp-content/plugins/Ultimate_VC_Addons/assets/min-css/style.minfbfa.css]
[constructionbim.faro.com/wp-content/plugins/Ultimate_VC_Addons/assets/min-css/tabs.minfbfa.css]
[constructionbim.faro.com/wp-content/plugins/Ultimate_VC_Addons/assets/min-css/tabs-accordion.minfbfa.css]
[constructionbim.faro.com/wp-includes/js/jquery/jquery-migrate.min330a.js]
[constructionbim.faro.com/wp-includes/js/jquery/jqueryb8ff.js]
[constructionbim.faro.com/wp-content/plugins/image-caption-hover-visual-composer-addon/js/script4f4a.js]
[constructionbim.faro.com/wp-content/plugins/duracelltomi-google-tag-manager/js/gtm4wp-form-move-trackerba3a.js]
[constructionbim.faro.com/wp-content/themes/dt-the7/js/above-the-fold.min8aee.js]
[constructionbim.faro.com/wp-content/plugins/Ultimate_VC_Addons/assets/min-js/ultimate-params.minfbfa.js]
[constructionbim.faro.com/wp-content/plugins/Ultimate_VC_Addons/assets/min-js/jquery-appear.minfbfa.js]
[constructionbim.faro.com/wp-json/index.html]
[constructionbim.faro.com/xmlrpc0db0.php]
[constructionbim.faro.com/wp-includes/wlwmanifest.xml]
[img.en25.com/i/elqCfg.min.js]
[constructionbim.faro.com/de/index.html]
[www.googleadservices.com/pagead/f.txt]
[constructionbim.faro.com/us/index.html]
[constructionbim.faro.com/zh/index.html]
[constructionbim.faro.com/ja/index.html]
[constructionbim.faro.com/wp-content/uploads/sites/4/2016/11/logo_faro_vertical_bim_solutions-2-1-1.png]
[constructionbim.faro.com/ko/index.html]
[constructionbim.faro.com/fr/index.html]
[constructionbim.faro.com/wp-content/uploads/sites/4/2016/11/logo_faro_vertical_bim_solutions-2-1-2.png]
[constructionbim.faro.com/it/index.html]
[constructionbim.faro.com/sg/index.html]
[constructionbim.faro.com/in/index.html]
[constructionbim.faro.com/pt/index.html]
[constructionbim.faro.com/es/index.html]
[constructionbim.faro.com/mx/index.html]
[constructionbim.faro.com/pl/index.html]
[constructionbim.faro.com/nl/index.html]
[constructionbim.faro.com/en/architecture/index.html]
[constructionbim.faro.com/en/engineering/index.html]
[constructionbim.faro.com/en/construction/index.html]
[constructionbim.faro.com/en/civilsurvey/index.html]
[constructionbim.faro.com/wp-content/uploads/sites/4/2016/11/slider_1_bim_cim.jpg]
[constructionbim.faro.com/en/heritage/index.html]
[constructionbim.faro.com/en/traceable-construction/index.html]
[constructionbim.faro.com/wp-content/uploads/sites/4/2016/11/slider_2_bim_cim_construction.jpg]
[constructionbim.faro.com/en/facility-management/index.html]
[constructionbim.faro.com/en/traceable-construction/on-site-capture/index.html]
[constructionbim.faro.com/wp-content/uploads/sites/4/2016/11/slider_3_bim_cim_engineering.jpg]
[constructionbim.faro.com/en/traceable-construction/on-site-capture/airborne-scanning/index.html]
[constructionbim.faro.com/en/traceable-construction/as-built-model-design/index.html]
[constructionbim.faro.com/en/traceable-construction/design-layout/index.html]
[constructionbim.faro.com/en/traceable-construction/quality-control/index.html]
[constructionbim.faro.com/wp-content/uploads/sites/4/2016/11/slider_4_bim_cim_civil.jpg]
[constructionbim.faro.com/en/traceable-construction/data-connect-share/index.html]
[constructionbim.faro.com/us/civil-survey/index.html]
[constructionbim.faro.com/en/contact-us/index.html]
[constructionbim.faro.com/wp-content/uploads/sites/4/2016/11/key-message_1.jpg]
[constructionbim.faro.com/wp-content/uploads/sites/4/2016/11/key-message_2.jpg]
[constructionbim.faro.com/wp-content/uploads/sites/4/2016/11/key-message_3.jpg]
[constructionbim.faro.com/wp-content/uploads/sites/4/2016/11/application_architecture_1.jpg]
[constructionbim.faro.com/wp-content/uploads/sites/4/2016/11/application_construction_1.jpg]
[constructionbim.faro.com/wp-content/uploads/sites/4/2016/11/application_engineering_1.jpg]
[constructionbim.faro.com/wp-content/uploads/sites/4/2016/11/application_survey_1.jpg]
[constructionbim.faro.com/wp-content/uploads/sites/4/2016/11/app5_1-1.jpg]
[constructionbim.faro.com/wp-content/uploads/sites/4/2016/11/app6_1.jpg]
[cdnjs.cloudflare.com/ajax/libs/cookieconsent2/3.0.3/cookieconsent.min.css]
[cdnjs.cloudflare.com/ajax/libs/cookieconsent2/3.0.3/cookieconsent.min.js]
[browser-update.org/update.min.js]
[use.fontawesome.com/releases/v5.0.13/css/all.css]
[constructionbim.faro.com/wp-content/uploads/sites/4/2018/08/data-connect-share.png]
[constructionbim.faro.com/wp-content/uploads/sites/4/2018/08/quality-control.png]
[constructionbim.faro.com/wp-content/uploads/sites/4/2018/08/as-built.png]
[constructionbim.faro.com/wp-content/uploads/sites/4/2018/08/design-layout.png]
[constructionbim.faro.com/wp-content/uploads/sites/4/2018/08/onsite-capture.png]
[constructionbim.faro.com/wp-content/themes/dt-the7/js/main.min8aee.js]
[constructionbim.faro.com/wp-content/plugins/revslider/public/assets/js/jquery.themepunch.revolution.mina88c.js]
[constructionbim.faro.com/wp-content/plugins/revslider/public/assets/js/jquery.themepunch.tools.mina88c.js]
[constructionbim.faro.com/wp-content/plugins/js_composer/assets/js/dist/js_composer_front.min9d08.js]
[constructionbim.faro.com/wp-includes/js/jquery/ui/core.mine899.js]
[constructionbim.faro.com/wp-includes/js/jquery/ui/position.mine899.js]
[constructionbim.faro.com/wp-content/uploads/sites/4/pum/pum-site-scripts-45a65.js]
[constructionbim.faro.com/wp-content/plugins/Ultimate_VC_Addons/assets/min-js/tabs.minfbfa.js]
[constructionbim.faro.com/wp-content/plugins/Ultimate_VC_Addons/assets/min-js/tabs-accordion.minfbfa.js]
[constructionbim.faro.com/wp-includes/js/wp-embed.min4f4a.js]
[constructionbim.faro.com/index.html]
[constructionbim.faro.com/xmlrpc.php]
[constructionbim.faro.com/en/index.html]
[constructionbim.faro.com/wp-content/plugins/image-caption-hover-visual-composer-addon/css/style4f4a.css]
[constructionbim.faro.com/wp-content/plugins/revslider/public/assets/fonts/revicons/revicons90c6.eot]
[constructionbim.faro.com/wp-content/plugins/revslider/public/assets/fonts/revicons/revicons90c6.woff]
[constructionbim.faro.com/wp-content/plugins/revslider/public/assets/fonts/revicons/revicons90c6.ttf]
[constructionbim.faro.com/wp-content/plugins/revslider/public/assets/assets/gridtile.png]
[constructionbim.faro.com/wp-content/plugins/revslider/public/assets/assets/gridtile_white.png]
[constructionbim.faro.com/wp-content/plugins/revslider/public/assets/assets/gridtile_3x3.png]
[constructionbim.faro.com/wp-content/plugins/revslider/public/assets/assets/gridtile_3x3_white.png]
[constructionbim.faro.com/wp-content/plugins/revslider/public/assets/assets/coloredbg.png]
[constructionbim.faro.com/wp-content/plugins/revslider/public/assets/assets/loader.gif]
[constructionbim.faro.com/wp-content/plugins/revslider/public/assets/css/settingsa88c.css]
[constructionbim.faro.com/wp-content/plugins/js_composer/assets/vc/alert.png]
[constructionbim.faro.com/wp-content/plugins/js_composer/assets/vc/info.png]
[constructionbim.faro.com/wp-content/plugins/js_composer/assets/vc/tick.png]
[constructionbim.faro.com/wp-content/plugins/js_composer/assets/vc/exclamation.png]
[constructionbim.faro.com/wp-content/plugins/js_composer/assets/images/icons/address-book.png]
[constructionbim.faro.com/wp-content/plugins/js_composer/assets/images/icons/alarm-clock.png]
[constructionbim.faro.com/wp-content/plugins/js_composer/assets/images/icons/anchor.png]
[constructionbim.faro.com/wp-content/plugins/js_composer/assets/images/icons/application-image.png]
[constructionbim.faro.com/wp-content/plugins/js_composer/assets/images/icons/arrow.png]
[constructionbim.faro.com/wp-content/plugins/js_composer/assets/images/icons/asterisk.png]
[constructionbim.faro.com/wp-content/plugins/js_composer/assets/images/icons/auction-hammer.png]
[constructionbim.faro.com/wp-content/plugins/js_composer/assets/images/icons/balloon.png]
[constructionbim.faro.com/wp-content/plugins/js_composer/assets/images/icons/balloon-buzz.png]
[constructionbim.faro.com/wp-content/plugins/js_composer/assets/images/icons/balloon-facebook.png]
[constructionbim.faro.com/wp-content/plugins/js_composer/assets/images/icons/balloon-twitter.png]
[constructionbim.faro.com/wp-content/plugins/js_composer/assets/images/icons/battery-full.png]
[constructionbim.faro.com/wp-content/plugins/js_composer/assets/images/icons/binocular.png]
[constructionbim.faro.com/wp-content/plugins/js_composer/assets/images/icons/blue-document-excel.png]
[constructionbim.faro.com/wp-content/plugins/js_composer/assets/images/icons/blue-document-image.png]
[constructionbim.faro.com/wp-content/plugins/js_composer/assets/images/icons/blue-document-music.png]
[constructionbim.faro.com/wp-content/plugins/js_composer/assets/images/icons/blue-document-office.png]
[constructionbim.faro.com/wp-content/plugins/js_composer/assets/images/icons/blue-document-pdf.png]
[constructionbim.faro.com/wp-content/plugins/js_composer/assets/images/icons/blue-document-powerpoint.png]
[constructionbim.faro.com/wp-content/plugins/js_composer/assets/images/icons/blue-document-word.png]
[constructionbim.faro.com/wp-content/plugins/js_composer/assets/images/icons/bookmark.png]
[constructionbim.faro.com/wp-content/plugins/js_composer/assets/images/icons/camcorder.png]
[constructionbim.faro.com/wp-content/plugins/js_composer/assets/images/icons/camera.png]
[constructionbim.faro.com/wp-content/plugins/js_composer/assets/images/icons/chart.png]
[constructionbim.faro.com/wp-content/plugins/js_composer/assets/images/icons/chart-pie.png]
[constructionbim.faro.com/wp-content/plugins/js_composer/assets/images/icons/clock.png]
[constructionbim.faro.com/wp-content/plugins/js_composer/assets/images/icons/control.png]
[constructionbim.faro.com/wp-content/plugins/js_composer/assets/images/icons/fire.png]
[constructionbim.faro.com/wp-content/plugins/js_composer/assets/images/icons/heart.png]
[constructionbim.faro.com/wp-content/plugins/js_composer/assets/images/icons/mail.png]
[constructionbim.faro.com/wp-content/plugins/js_composer/assets/images/icons/plus-shield.png]
[constructionbim.faro.com/wp-content/plugins/js_composer/assets/images/icons/video.png]
[constructionbim.faro.com/wp-content/plugins/js_composer/assets/images/toggle_open.png]
[constructionbim.faro.com/wp-content/plugins/js_composer/assets/images/toggle_close.png]
[constructionbim.faro.com/wp-content/plugins/js_composer/assets/images/flickr.png]
[constructionbim.faro.com/wp-content/plugins/js_composer/assets/fonts/vc_grid/vc_grid_v157a1.eot]
[constructionbim.faro.com/wp-content/plugins/js_composer/assets/fonts/vc_grid/vc_grid_v1d41d.eot]
[constructionbim.faro.com/wp-content/plugins/js_composer/assets/fonts/vc_grid/vc_grid_v157a1.woff]
[constructionbim.faro.com/wp-content/plugins/js_composer/assets/fonts/vc_grid/vc_grid_v157a1.ttf]
[constructionbim.faro.com/wp-content/plugins/js_composer/assets/css/js_composer.min9d08.css]
[constructionbim.faro.com/wp-content/uploads/sites/4/pum/pum-site-styles-40b9e.css]
[constructionbim.faro.com/wp-content/themes/dt-the7/css/main.min8aee.css]
[constructionbim.faro.com/wp-content/themes/dt-the7/fonts/FontAwesome/fonts/fontawesome-webfont3e6e.eot]
[constructionbim.faro.com/wp-content/themes/dt-the7/fonts/FontAwesome/fonts/fontawesome-webfontd41d.eot]
[constructionbim.faro.com/wp-content/themes/dt-the7/fonts/FontAwesome/fonts/fontawesome-webfont3e6e.woff]
[constructionbim.faro.com/wp-content/themes/dt-the7/fonts/FontAwesome/fonts/fontawesome-webfont3e6e.ttf]
[constructionbim.faro.com/wp-content/themes/dt-the7/fonts/FontAwesome/css/font-awesome.min8aee.css]
[constructionbim.faro.com/wp-content/themes/dt-the7/fonts/fontello/font/fontello6fbf.eot]
[constructionbim.faro.com/wp-content/themes/dt-the7/fonts/fontello/font/fontello6fbf.woff]
[constructionbim.faro.com/wp-content/themes/dt-the7/fonts/fontello/font/fontello6fbf.ttf]
[constructionbim.faro.com/wp-content/themes/dt-the7/fonts/fontello/css/fontello.min8aee.css]
[constructionbim.faro.com/wp-content/themes/dt-the7/inc/presets/images/full/skin07s.stripes-stripe-3-bg-image.jpg]
[constructionbim.faro.com/wp-content/uploads/wp-less/dt-the7/css/custom-44fc1b4f5a8aee.css]
[constructionbim.faro.com/wp-content/uploads/wp-less/dt-the7/css/media-69669ceb2e8aee.css]
[constructionbim.faro.com/wp-content/themes/dt-the7/style8aee.css]
[constructionbim.faro.com/wp-content/uploads/sites/4/smile_fonts/Defaults/Defaults21ea.eot]
[constructionbim.faro.com/wp-content/uploads/sites/4/smile_fonts/Defaults/Defaultsd41d.eot]
[constructionbim.faro.com/wp-content/uploads/sites/4/smile_fonts/Defaults/Defaults21ea.woff]
[constructionbim.faro.com/wp-content/uploads/sites/4/smile_fonts/Defaults/Defaults21ea.ttf]
[constructionbim.faro.com/wp-content/uploads/sites/4/smile_fonts/Defaults/Defaults4f4a.css]
[constructionbim.faro.com/wp-content/plugins/Ultimate_VC_Addons/assets/min-css/style.minfbfa.css]
[constructionbim.faro.com/wp-content/plugins/Ultimate_VC_Addons/assets/min-css/tabs.minfbfa.css]
[constructionbim.faro.com/wp-content/plugins/Ultimate_VC_Addons/assets/min-css/tabs-accordion.minfbfa.css]
[constructionbim.faro.com/wp-json/oembed/1.0/embedb082.json]
[constructionbim.faro.com/wp-json/oembed/1.0/embed5a6c]
[constructionbim.faro.com/de/comments/feed/index.html]
[constructionbim.faro.com/de/feed/index.html]
[constructionbim.faro.com/wp-content/uploads/sites/4/2016/12/logo_faro_vertical_bim_solutions-2-1-1.png]
[constructionbim.faro.com/wp-content/uploads/sites/4/2016/12/Construction-BIM-mobile-logo.png]
[constructionbim.faro.com/de/baugewerbe/index.html]
[constructionbim.faro.com/de/index.html]
[constructionbim.faro.com/de/hoch-und-tiefbau-vermessung/index.html]
[constructionbim.faro.com/de/architektur/index.html]
[constructionbim.faro.com/de/konstruktion/index.html]
[constructionbim.faro.com/de/kontakt/index.html]
[constructionbim.faro.com/de/denkmalpflege/index.html]
[constructionbim.faro.com/us/comments/feed/index.html]
[constructionbim.faro.com/de/anlagenmanagement/index.html]
[constructionbim.faro.com/us/feed/index.html]
[constructionbim.faro.com/us/architecture/index.html]
[constructionbim.faro.com/us/contact-us/index.html]
[constructionbim.faro.com/us/construction/index.html]
[constructionbim.faro.com/us/engineering/index.html]
[constructionbim.faro.com/us/index.html]
[constructionbim.faro.com/us/heritage/index.html]
[constructionbim.faro.com/us/facility-management/index.html]
[constructionbim.faro.com/us/resources/index.html]
[constructionbim.faro.com/zh/feed/index.html]
[constructionbim.faro.com/zh/comments/feed/index.html]
[constructionbim.faro.com/wp-content/uploads/sites/4/2016/12/logo_faro_vertical_bim_solutions-2-1-2.png]
[constructionbim.faro.com/wp-content/uploads/sites/4/2016/12/Construction-BIM-mobile-logo-4.png]
[constructionbim.faro.com/zh/index.html]
[constructionbim.faro.com/zh/architecture/index.html]
[constructionbim.faro.com/zh/construction/index.html]
[constructionbim.faro.com/zh/civil-survey/index.html]
[constructionbim.faro.com/zh/contact-us/index.html]
[constructionbim.faro.com/zh/engineering/index.html]
[constructionbim.faro.com/ja/feed/index.html]
[constructionbim.faro.com/zh/heritage/index.html]
[constructionbim.faro.com/zh/facility-management/index.html]
[constructionbim.faro.com/wp-content/uploads/sites/4/2016/12/logo_faro_vertical_bim_solutions-2-1-7.png]
[constructionbim.faro.com/ja/comments/feed/index.html]
[constructionbim.faro.com/wp-content/uploads/sites/4/2016/12/logo_faro_vertical_bim_solutions-2-1-4.png]
[constructionbim.faro.com/ja/index.html]
[constructionbim.faro.com/ja/architecture/index.html]
[constructionbim.faro.com/ja/construction/index.html]
[constructionbim.faro.com/ja/civil-survey/index.html]
[constructionbim.faro.com/ja/engineering/index.html]
[constructionbim.faro.com/ja/heritage/index.html]
[constructionbim.faro.com/ja/contact-us/index.html]
[constructionbim.faro.com/ja/facility-management/index.html]
[constructionbim.faro.com/wp-content/uploads/sites/4/2016/12/logo_faro_vertical_bim_solutions-2-1-3.png]
[constructionbim.faro.com/ko/feed/index.html]
[constructionbim.faro.com/wp-content/uploads/sites/4/2016/12/Construction-BIM-mobile-logo-5.png]
[constructionbim.faro.com/ko/index.html]
[constructionbim.faro.com/ko/comments/feed/index.html]
[constructionbim.faro.com/ko/construction/index.html]
[constructionbim.faro.com/ko/architecture/index.html]
[constructionbim.faro.com/ko/engineering/index.html]
[constructionbim.faro.com/ko/civil-survey/index.html]
[constructionbim.faro.com/ko/contact-us/index.html]
[constructionbim.faro.com/ko/heritage/index.html]
[constructionbim.faro.com/ko/facility-management/index.html]
[constructionbim.faro.com/es/feed/index.html]
[constructionbim.faro.com/wp-content/uploads/sites/4/2016/12/logo_faro_vertical_bim_solutions-2-1.png]
[constructionbim.faro.com/wp-content/uploads/sites/4/2016/12/Construction-BIM-mobile-logo-2.png]
[constructionbim.faro.com/es/index.html]
[constructionbim.faro.com/es/arquitectura/index.html]
[constructionbim.faro.com/es/comments/feed/index.html]
[constructionbim.faro.com/es/construccion/index.html]
[constructionbim.faro.com/es/ingenieria/index.html]
[constructionbim.faro.com/es/obra-civil-topografia/index.html]
[constructionbim.faro.com/es/contacto/index.html]
[constructionbim.faro.com/fr/feed/index.html]
[constructionbim.faro.com/es/patrimonio-cultural/index.html]
[constructionbim.faro.com/es/gestion-de-instalaciones/index.html]
[constructionbim.faro.com/wp-content/uploads/sites/4/2016/12/logo_faro_vertical_bim_solutions-2-1-5.png]
[constructionbim.faro.com/fr/comments/feed/index.html]
[constructionbim.faro.com/wp-content/uploads/sites/4/2016/12/Construction-BIM-mobile-logo-3.png]
[constructionbim.faro.com/fr/index.html]
[constructionbim.faro.com/fr/architecture/index.html]
[constructionbim.faro.com/fr/construction/index.html]
[constructionbim.faro.com/fr/genie-civil-et-arpentage/index.html]
[constructionbim.faro.com/fr/contact/index.html]
[constructionbim.faro.com/fr/ingenierie/index.html]
[constructionbim.faro.com/fr/monuments-historiques/index.html]
[constructionbim.faro.com/fr/gestion-des-installations/index.html]
[constructionbim.faro.com/it/feed/index.html]
[constructionbim.faro.com/wp-content/uploads/sites/4/2016/12/logo_cam2_vertical_construction-bim.png]
[constructionbim.faro.com/it/comments/feed/index.html]
[constructionbim.faro.com/wp-content/uploads/sites/4/2016/12/cam2_logo_mobil_construction-bim.png]
[constructionbim.faro.com/it/index.html]
[constructionbim.faro.com/it/architettura/index.html]
[constructionbim.faro.com/it/edilizia/index.html]
[constructionbim.faro.com/it/ingegneria/index.html]
[constructionbim.faro.com/it/ingegneria-civile-rilievi/index.html]
[constructionbim.faro.com/it/contatto/index.html]
[constructionbim.faro.com/it/beni-culturali/index.html]
[constructionbim.faro.com/sg/index.html]
[constructionbim.faro.com/sg/comments/feed/index.html]
[constructionbim.faro.com/sg/feed/index.html]
[constructionbim.faro.com/it/gestione-di-strutture/index.html]
[constructionbim.faro.com/it/download/index.html]
[constructionbim.faro.com/sg/architecture/index.html]
[constructionbim.faro.com/sg/construction/index.html]
[constructionbim.faro.com/sg/engineering/index.html]
[constructionbim.faro.com/sg/civil-survey/index.html]
[constructionbim.faro.com/sg/contact-us/index.html]
[constructionbim.faro.com/sg/facility-management/index.html]
[constructionbim.faro.com/in/index.html]
[constructionbim.faro.com/sg/heritage/index.html]
[constructionbim.faro.com/in/feed/index.html]
[constructionbim.faro.com/in/comments/feed/index.html]
[constructionbim.faro.com/in/architecture/index.html]
[constructionbim.faro.com/in/engineering/index.html]
[constructionbim.faro.com/in/civil-survey/index.html]
[constructionbim.faro.com/in/construction/index.html]
[constructionbim.faro.com/in/contact-us/index.html]
[constructionbim.faro.com/in/heritage/index.html]
[constructionbim.faro.com/in/facility-management/index.html]
[constructionbim.faro.com/mx/feed/index.html]
[constructionbim.faro.com/wp-content/uploads/sites/4/2016/11/BIM-CIM_MS_SPA.jpg]
[constructionbim.faro.com/mx/comments/feed/index.html]
[constructionbim.faro.com/wp-content/uploads/sites/4/2016/11/Construction-BIM-mobile-logo.png]
[constructionbim.faro.com/mx/arquitectura/index.html]
[constructionbim.faro.com/mx/index.html]
[constructionbim.faro.com/mx/construccion/index.html]
[constructionbim.faro.com/mx/contacto/index.html]
[constructionbim.faro.com/mx/civiltopografia/index.html]
[constructionbim.faro.com/mx/ingenieria/index.html]
[constructionbim.faro.com/mx/patrimonio-cultural/index.html]
[constructionbim.faro.com/mx/gestion-de-instalaciones/index.html]
[constructionbim.faro.com/pt/feed/index.html]
[constructionbim.faro.com/mx/recursos/index.html]
[constructionbim.faro.com/pt/comments/feed/index.html]
[constructionbim.faro.com/wp-content/uploads/sites/4/2016/11/BIM-CIM_MS_POR.jpg]
[constructionbim.faro.com/wp-content/uploads/sites/4/2016/11/BIM-CIM_MS_POR_mobile.jpg]
[constructionbim.faro.com/pt/arquitetura/index.html]
[constructionbim.faro.com/pt/index.html]
[constructionbim.faro.com/pt/construcao/index.html]
[constructionbim.faro.com/pt/contato/index.html]
[constructionbim.faro.com/pt/engenharia-civiltopografia/index.html]
[constructionbim.faro.com/pt/engenharia/index.html]
[constructionbim.faro.com/pt/patrimonio/index.html]
[constructionbim.faro.com/pt/gerenciamento-de-instalacoes/index.html]
[constructionbim.faro.com/pl/feed/index.html]
[constructionbim.faro.com/pt/recursos/index.html]
[constructionbim.faro.com/pl/comments/feed/index.html]
[constructionbim.faro.com/wp-content/uploads/sites/4/2016/12/logo_faro_vertical_bim_solutions-2-1-6.png]
[constructionbim.faro.com/wp-content/uploads/sites/4/2016/12/Construction-BIM-mobile-logo-1.png]
[constructionbim.faro.com/pl/index.html]
[constructionbim.faro.com/pl/architektura/index.html]
[constructionbim.faro.com/pl/inzynieria/index.html]
[constructionbim.faro.com/pl/inzynieria-ladowa-i-wodna-geodezja/index.html]
[constructionbim.faro.com/pl/kontakt/index.html]
[constructionbim.faro.com/pl/ochrona-zabytkow/index.html]
[constructionbim.faro.com/pl/budownictwo/index.html]
[constructionbim.faro.com/nl/index.html]
[constructionbim.faro.com/pl/zarzadzanie-infrastruktura/index.html]
[constructionbim.faro.com/nl/feed/index.html]
[img.en25.com/i/elqCfg.min.js]
[constructionbim.faro.com/nl/comments/feed/index.html]
[constructionbim.faro.com/nl/architectuur/index.html]
[constructionbim.faro.com/nl/bouw/index.html]
[constructionbim.faro.com/nl/civiele-techniekgeodesie/index.html]
[constructionbim.faro.com/nl/engineering/index.html]
[constructionbim.faro.com/nl/contact/index.html]
[constructionbim.faro.com/nl/facilitair-management/index.html]
[constructionbim.faro.com/nl/cultureel-erfgoed/index.html]
[constructionbim.faro.com/wp-content/uploads/sites/4/2016/11/application_architecture_box.jpg]
[constructionbim.faro.com/wp-content/uploads/sites/4/2016/11/application_architecture_box_2.jpg]
[constructionbim.faro.com/wp-content/uploads/sites/4/2016/11/application_architecture_box_3.jpg]
[public-safety.verticals.faro-europe.com/wp-content/uploads/sites/2/2016/09/download_pdf.png]
[constructionbim.faro.com/wp-content/uploads/sites/4/2016/11/freestyle_hand1.png]
[constructionbim.faro.com/wp-content/uploads/sites/4/2016/11/product_scene.jpg]
[constructionbim.faro.com/wp-content/uploads/sites/4/2017/03/SCENE-WebShare-Cloud.jpg]
[constructionbim.faro.com/wp-content/uploads/sites/4/2016/11/BuildITConstruction2018_heroImage_hiresWide-nologo.jpg]
[constructionbim.faro.com/wp-content/uploads/sites/4/2018/03/323_WebGraphics_BuildIT_Launch_TrialLink_BC_AM_EN_238x49.jpg]
[constructionbim.faro.com/wp-content/uploads/sites/4/2018/03/323_WebGraphics_BuildIT_Launch_TechsheetLink_BC_AM_EN_238x49.jpg]
[constructionbim.faro.com/wp-content/uploads/sites/4/2016/11/PointCloudDeviationRevit.jpg]
[constructionbim.faro.com/wp-content/uploads/sites/4/2016/11/product_pointsense_buildingt.jpg]
[constructionbim.faro.com/wp-content/uploads/sites/4/2017/03/VirtuSurv.jpg]
[constructionbim.faro.com/en/architecture/index.html]
[constructionbim.faro.com/wp-content/uploads/sites/4/2016/11/strip_2_bim_cim_construction.jpg]
[constructionbim.faro.com/wp-content/uploads/sites/4/2016/11/application_construction_tab_1.jpg]
[constructionbim.faro.com/wp-content/uploads/sites/4/2016/11/application_construction_tab_2.jpg]
[constructionbim.faro.com/wp-content/uploads/sites/4/2016/11/application_construction_tab_3.jpg]
[constructionbim.faro.com/en/construction/index.html]
[constructionbim.faro.com/wp-json/oembed/1.0/embed5f91.json]
[constructionbim.faro.com/wp-json/oembed/1.0/embed067d]
[constructionbim.faro.com/wp-content/uploads/sites/4/2016/11/strip_3_bim_cim_engineering.jpg]
[constructionbim.faro.com/wp-content/uploads/sites/4/2016/11/application_engineering_tab_1.jpg]
[constructionbim.faro.com/wp-content/uploads/sites/4/2016/11/application_engineering_tab_2.jpg]
[constructionbim.faro.com/wp-content/uploads/sites/4/2016/11/application_engineering_tab_3.jpg]
[constructionbim.faro.com/en/engineering/index.html]
[constructionbim.faro.com/wp-content/uploads/sites/4/2016/11/strip_4_bim_cim_civil.jpg]
[constructionbim.faro.com/wp-content/uploads/sites/4/2016/11/application_survey_tab-1.jpg]
[constructionbim.faro.com/wp-content/uploads/sites/4/2016/11/application_survey_tab-2.jpg]
[constructionbim.faro.com/wp-content/uploads/sites/4/2016/11/application_survey_tab-3.jpg]
[constructionbim.faro.com/en/civilsurvey/index.html]
[constructionbim.faro.com/wp-content/uploads/sites/4/2017/03/app5_landscape.jpg]
[constructionbim.faro.com/wp-content/uploads/sites/4/2017/03/app5-portrait.jpg]
[constructionbim.faro.com/wp-content/uploads/sites/4/2017/03/app5-2.jpg]
[constructionbim.faro.com/wp-content/uploads/sites/4/2017/03/app5-3.jpg]
[constructionbim.faro.com/en/heritage/index.html]
[constructionbim.faro.com/wp-content/uploads/sites/4/2017/03/app6_landscape.jpg]
[constructionbim.faro.com/wp-content/uploads/sites/4/2017/03/app6_1.jpg]
[constructionbim.faro.com/wp-content/uploads/sites/4/2017/03/app6_2.jpg]
[constructionbim.faro.com/wp-content/uploads/sites/4/2017/03/App6-3.jpg]
[constructionbim.faro.com/en/facility-management/index.html]
[constructionbim.faro.com/wp-content/plugins/revslider/admin/assets/images/dummy.png]
[constructionbim.faro.com/wp-content/uploads/sites/4/2018/09/FARO-BIM-Traceable-Construction-1024x732.jpg]
[constructionbim.faro.com/en/traceable-construction/index.html]
[constructionbim.faro.com/wp-content/uploads/sites/4/2018/08/header_stripe_traceable_cosntruction.jpg]
[constructionbim.faro.com/wp-content/uploads/sites/4/2018/08/poster_terrestical.jpg]
[constructionbim.faro.com/en/traceable-construction/on-site-capture/index.html]
[constructionbim.faro.com/wp-content/uploads/sites/4/2018/09/9stormbee_stripe.jpg]
[constructionbim.faro.com/wp-content/uploads/sites/4/2018/09/Stormbee-8-2_LEO7084-HDR-Edit.jpg]
[constructionbim.faro.com/wp-content/uploads/sites/4/2018/09/Stormbee-9-2_LEO7099-HDR-Edit.jpg]
[constructionbim.faro.com/en/traceable-construction/on-site-capture/airborne-scanning/index.html]
[constructionbim.faro.com/wp-content/uploads/sites/4/2018/08/Logo_As_Built_AutoCAD_Blue_2.jpg]
[constructionbim.faro.com/wp-content/uploads/sites/4/2018/08/Logo_As_Built_Revit_Blue_2.jpg]
[constructionbim.faro.com/en/traceable-construction/as-built-model-design/index.html]
[constructionbim.faro.com/wp-content/uploads/sites/4/2018/08/poster_total_station.jpg]
[constructionbim.faro.com/wp-content/uploads/sites/4/2018/08/tracer01.jpg]
[constructionbim.faro.com/en/traceable-construction/design-layout/index.html]
[constructionbim.faro.com/en/traceable-construction/quality-control/index.html]
[constructionbim.faro.com/en/traceable-construction/data-connect-share/index.html]
[constructionbim.faro.com/wp-content/uploads/sites/4/2016/11/contact_background.jpg]
[netdna.bootstrapcdn.com/bootstrap/3.1.1/css/bootstrap.min.css]
[netdna.bootstrapcdn.com/bootstrap/3.1.1/css/bootstrap-theme.min.css]
[netdna.bootstrapcdn.com/bootstrap/3.1.1/js/bootstrap.min.js]
[cdnjs.cloudflare.com/ajax/libs/webshim/1.16.0/dev/polyfiller.js]
[constructionbim.faro.com/en/contact-us/index.html]
[www.lp.faro-europe.com/faro_js/FormValidation_0417.js]
[constructionbim.faro.com/wp-content/uploads/sites/4/2017/01/As-Built-software-gallery-image-7-for-AutoCAD-Software_Unwrapping-modeled-surface-based-on-orientated-images.jpg]
[constructionbim.faro.com/us/civil-survey/index.html]
[cdnjs.cloudflare.com/ajax/libs/cookieconsent2/3.0.3/cookieconsent.min.css]
[use.fontawesome.com/releases/v5.0.13/css/all.css]
[constructionbim.faro.com/wp-content/plugins/revslider/public/assets/fonts/revicons/revicons90c6.svg]
[constructionbim.faro.com/wp-content/plugins/revslider/public/assets/css/openhand.html]
[constructionbim.faro.com/wp-content/plugins/revslider/public/assets/css/closedhand.html]
[constructionbim.faro.com/wp-content/plugins/js_composer/assets/fonts/vc_grid/vc_grid_v157a1.svg]
[constructionbim.faro.com/wp-content/themes/dt-the7/css/mCSB_buttons.html]
[constructionbim.faro.com/wp-content/themes/dt-the7/fonts/FontAwesome/fonts/fontawesome-webfont3e6e.html]
[constructionbim.faro.com/wp-content/themes/dt-the7/fonts/FontAwesome/fonts/fontawesome-webfont3e6e.svg]
[constructionbim.faro.com/wp-content/themes/dt-the7/fonts/fontello/font/fontello6fbf.svg]
[constructionbim.faro.com/wp-content/uploads/sites/4/smile_fonts/Defaults/Defaults21ea.svg]
[constructionbim.faro.com/wp-json/oembed/1.0/embed7e63.json]
[constructionbim.faro.com/wp-json/oembed/1.0/embed5156]
[constructionbim.faro.com/de/architektur/index.html]
[constructionbim.faro.com/wp-json/oembed/1.0/embedc8e9.json]
[constructionbim.faro.com/wp-json/oembed/1.0/embede9e0]
[constructionbim.faro.com/de/baugewerbe/index.html]
[constructionbim.faro.com/wp-json/oembed/1.0/embedc3fe.json]
[constructionbim.faro.com/de/konstruktion/index.html]
[constructionbim.faro.com/wp-json/oembed/1.0/embedce73]
[constructionbim.faro.com/wp-json/oembed/1.0/embed1ce9.json]
[constructionbim.faro.com/de/hoch-und-tiefbau-vermessung/index.html]
[constructionbim.faro.com/wp-json/oembed/1.0/embed9a07]
[constructionbim.faro.com/wp-json/oembed/1.0/embed813d.json]
[constructionbim.faro.com/de/kontakt/index.html]
[constructionbim.faro.com/wp-json/oembed/1.0/embedb2b6]
[constructionbim.faro.com/wp-json/oembed/1.0/embed9c9b.json]
[constructionbim.faro.com/de/denkmalpflege/index.html]
[constructionbim.faro.com/wp-json/oembed/1.0/embedd9dc]
[constructionbim.faro.com/wp-json/oembed/1.0/embed889d.json]
[constructionbim.faro.com/de/anlagenmanagement/index.html]
[constructionbim.faro.com/wp-json/oembed/1.0/embed635a.json]
[constructionbim.faro.com/wp-json/oembed/1.0/embed08a4]
[constructionbim.faro.com/wp-json/oembed/1.0/embed7196]
[constructionbim.faro.com/wp-json/oembed/1.0/embed6b24.json]
[constructionbim.faro.com/wp-json/oembed/1.0/embed9cf6]
[constructionbim.faro.com/wp-content/uploads/sites/4/2017/01/323_WebGraphics_BuildIT_Launch_Microsite_BC_AM_EN_362x253.jpg]
[constructionbim.faro.com/us/architecture/index.html]
[constructionbim.faro.com/us/construction/index.html]
[constructionbim.faro.com/us/engineering/index.html]
[constructionbim.faro.com/us/contact-us/index.html]
[constructionbim.faro.com/us/heritage/index.html]
[constructionbim.faro.com/us/facility-management/index.html]
[constructionbim.faro.com/wp-content/uploads/sites/4/2016/11/resourcesbnr1.jpg]
[constructionbim.faro.com/en/resources/index.html]
[constructionbim.faro.com/de/downloads/index.html]
[constructionbim.faro.com/zh/resources/index.html]
[constructionbim.faro.com/ja/resources/index.html]
[constructionbim.faro.com/ko/resources/index.html]
[constructionbim.faro.com/wp-content/plugins/js_composer/assets/css/js_composer_tta.min9d08.css]
[constructionbim.faro.com/es/descargas/index.html]
[constructionbim.faro.com/wp-content/plugins/js_composer/assets/lib/bower/font-awesome/css/font-awesome.min9d08.css]
[constructionbim.faro.com/fr/telechargements/index.html]
[constructionbim.faro.com/sg/resources/index.html]
[constructionbim.faro.com/wp-content/plugins/js_composer/assets/lib/vc_accordion/vc-accordion.min9d08.js]
[constructionbim.faro.com/in/resources/index.html]
[constructionbim.faro.com/wp-content/plugins/js_composer/assets/lib/vc-tta-autoplay/vc-tta-autoplay.min9d08.js]
[constructionbim.faro.com/us/resources/index.html]
[constructionbim.faro.com/wp-json/oembed/1.0/embedc9af.json]
[constructionbim.faro.com/wp-json/oembed/1.0/embed034e]
[constructionbim.faro.com/pl/do-pobrania/index.html]
[constructionbim.faro.com/nl/download/index.html]
[constructionbim.faro.com/wp-json/oembed/1.0/embedaced.json]
[constructionbim.faro.com/zh/architecture/index.html]
[constructionbim.faro.com/wp-json/oembed/1.0/embede537]
[constructionbim.faro.com/zh/construction/index.html]
[constructionbim.faro.com/zh/engineering/index.html]
[constructionbim.faro.com/zh/civil-survey/index.html]
[constructionbim.faro.com/zh/contact-us/index.html]
[constructionbim.faro.com/zh/heritage/index.html]
[constructionbim.faro.com/zh/facility-management/index.html]
[constructionbim.faro.com/wp-json/oembed/1.0/embedb2ac.json]
[constructionbim.faro.com/wp-json/oembed/1.0/embed2216]
[constructionbim.faro.com/wp-json/oembed/1.0/embede7fd.json]
[constructionbim.faro.com/ja/architecture/index.html]
[constructionbim.faro.com/wp-json/oembed/1.0/embed5578]
[constructionbim.faro.com/ja/construction/index.html]
[constructionbim.faro.com/ja/engineering/index.html]
[constructionbim.faro.com/ja/civil-survey/index.html]
[constructionbim.faro.com/ja/contact-us/index.html]
[constructionbim.faro.com/ja/heritage/index.html]
[constructionbim.faro.com/ja/facility-management/index.html]
[constructionbim.faro.com/wp-json/oembed/1.0/embed87d7.json]
[constructionbim.faro.com/wp-json/oembed/1.0/embed9e84]
[constructionbim.faro.com/wp-json/oembed/1.0/embed3e85.json]
[constructionbim.faro.com/ko/architecture/index.html]
[constructionbim.faro.com/wp-json/oembed/1.0/embeda925]
[constructionbim.faro.com/ko/construction/index.html]
[constructionbim.faro.com/ko/engineering/index.html]
[constructionbim.faro.com/ko/civil-survey/index.html]
[constructionbim.faro.com/ko/contact-us/index.html]
[constructionbim.faro.com/ko/heritage/index.html]
[constructionbim.faro.com/ko/facility-management/index.html]
[constructionbim.faro.com/wp-json/oembed/1.0/embedeb5e.json]
[constructionbim.faro.com/wp-json/oembed/1.0/embed4fd7]
[constructionbim.faro.com/es/arquitectura/index.html]
[constructionbim.faro.com/es/construccion/index.html]
[constructionbim.faro.com/es/ingenieria/index.html]
[constructionbim.faro.com/es/obra-civil-topografia/index.html]
[constructionbim.faro.com/es/contacto/index.html]
[constructionbim.faro.com/es/patrimonio-cultural/index.html]
[constructionbim.faro.com/es/gestion-de-instalaciones/index.html]
[constructionbim.faro.com/wp-json/oembed/1.0/embed2eb6.json]
[constructionbim.faro.com/wp-json/oembed/1.0/embed4255]
[constructionbim.faro.com/wp-json/oembed/1.0/embed2017.json]
[constructionbim.faro.com/wp-json/oembed/1.0/embed4d8a]
[constructionbim.faro.com/wp-content/uploads/sites/4/2016/11/application_construction_pointsense_autocad.jpg]
[constructionbim.faro.com/fr/architecture/index.html]
[constructionbim.faro.com/fr/construction/index.html]
[constructionbim.faro.com/fr/ingenierie/index.html]
[constructionbim.faro.com/fr/genie-civil-et-arpentage/index.html]
[constructionbim.faro.com/fr/contact/index.html]
[constructionbim.faro.com/fr/monuments-historiques/index.html]
[constructionbim.faro.com/wp-content/uploads/sites/4/2016/11/product_pointsense_plant.jpg]
[constructionbim.faro.com/wp-content/uploads/sites/4/2017/03/hylasFM-for-AutoCAD.jpg]
[constructionbim.faro.com/wp-content/uploads/sites/4/2017/03/DistToPlan-for-AutoCAD-1.jpg]
[constructionbim.faro.com/fr/gestion-des-installations/index.html]
[constructionbim.faro.com/wp-json/oembed/1.0/embed9e4b.json]
[constructionbim.faro.com/wp-json/oembed/1.0/embedc0b4]
[constructionbim.faro.com/it/architettura/index.html]
[constructionbim.faro.com/it/edilizia/index.html]
[constructionbim.faro.com/it/ingegneria/index.html]
[constructionbim.faro.com/it/ingegneria-civile-rilievi/index.html]
[constructionbim.faro.com/it/contatto/index.html]
[constructionbim.faro.com/it/beni-culturali/index.html]
[constructionbim.faro.com/it/gestione-di-strutture/index.html]
[constructionbim.faro.com/it/download/index.html]
[constructionbim.faro.com/wp-json/oembed/1.0/embedabc2.json]
[constructionbim.faro.com/wp-json/oembed/1.0/embed8b17]
[constructionbim.faro.com/wp-json/oembed/1.0/embede559.json]
[constructionbim.faro.com/sg/architecture/index.html]
[constructionbim.faro.com/wp-json/oembed/1.0/embed6841]
[constructionbim.faro.com/sg/construction/index.html]
[constructionbim.faro.com/sg/engineering/index.html]
[constructionbim.faro.com/sg/civil-survey/index.html]
[constructionbim.faro.com/sg/contact-us/index.html]
[constructionbim.faro.com/sg/heritage/index.html]
[constructionbim.faro.com/sg/facility-management/index.html]
[constructionbim.faro.com/wp-json/oembed/1.0/embedeec9.json]
[constructionbim.faro.com/wp-json/oembed/1.0/embed3736]
[constructionbim.faro.com/wp-json/oembed/1.0/embed746b.json]
[constructionbim.faro.com/in/architecture/index.html]
[constructionbim.faro.com/wp-json/oembed/1.0/embedf7a3]
[constructionbim.faro.com/in/construction/index.html]
[constructionbim.faro.com/in/engineering/index.html]
[constructionbim.faro.com/in/civil-survey/index.html]
[constructionbim.faro.com/in/contact-us/index.html]
[constructionbim.faro.com/in/heritage/index.html]
[constructionbim.faro.com/in/facility-management/index.html]
[constructionbim.faro.com/wp-json/oembed/1.0/embed5f58.json]
[constructionbim.faro.com/wp-json/oembed/1.0/embedadcb]
[constructionbim.faro.com/mx/arquitectura/index.html]
[constructionbim.faro.com/wp-json/oembed/1.0/embedf97d.json]
[constructionbim.faro.com/wp-json/oembed/1.0/embeddb14]
[constructionbim.faro.com/mx/construccion/index.html]
[constructionbim.faro.com/wp-json/oembed/1.0/embed922e.json]
[constructionbim.faro.com/wp-json/oembed/1.0/embedcb31]
[constructionbim.faro.com/mx/ingenieria/index.html]
[constructionbim.faro.com/wp-json/oembed/1.0/embed7a67.json]
[constructionbim.faro.com/mx/civiltopografia/index.html]
[constructionbim.faro.com/wp-json/oembed/1.0/embed798d]
[constructionbim.faro.com/wp-json/oembed/1.0/embed3e9a.json]
[constructionbim.faro.com/mx/contacto/index.html]
[constructionbim.faro.com/wp-json/oembed/1.0/embedff4f]
[constructionbim.faro.com/wp-json/oembed/1.0/embedc645.json]
[constructionbim.faro.com/wp-json/oembed/1.0/embed6db8]
[constructionbim.faro.com/wp-content/uploads/sites/4/2017/03/PointSense-Heritage.jpg]
[constructionbim.faro.com/mx/patrimonio-cultural/index.html]
[constructionbim.faro.com/wp-json/oembed/1.0/embede900.json]
[constructionbim.faro.com/mx/gestion-de-instalaciones/index.html]
[constructionbim.faro.com/wp-json/oembed/1.0/embed27aa]
[constructionbim.faro.com/wp-json/oembed/1.0/embed4091.json]
[constructionbim.faro.com/mx/recursos/index.html]
[constructionbim.faro.com/wp-json/oembed/1.0/embed9dd5.json]
[constructionbim.faro.com/wp-json/oembed/1.0/embed21d6]
[constructionbim.faro.com/wp-json/oembed/1.0/embeda298]
[constructionbim.faro.com/pt/arquitetura/index.html]
[constructionbim.faro.com/wp-json/oembed/1.0/embed1b04.json]
[constructionbim.faro.com/wp-json/oembed/1.0/embedeb80]
[constructionbim.faro.com/pt/construcao/index.html]
[constructionbim.faro.com/wp-json/oembed/1.0/embed7470.json]
[constructionbim.faro.com/wp-json/oembed/1.0/embed04fd]
[constructionbim.faro.com/pt/engenharia/index.html]
[constructionbim.faro.com/wp-json/oembed/1.0/embed6417.json]
[constructionbim.faro.com/pt/engenharia-civiltopografia/index.html]
[constructionbim.faro.com/wp-json/oembed/1.0/embede7e8]
[constructionbim.faro.com/wp-json/oembed/1.0/embedfad6.json]
[constructionbim.faro.com/pt/contato/index.html]
[constructionbim.faro.com/wp-json/oembed/1.0/embed6429]
[constructionbim.faro.com/wp-json/oembed/1.0/embedd754.json]
[constructionbim.faro.com/pt/patrimonio/index.html]
[constructionbim.faro.com/wp-json/oembed/1.0/embede1aa]
[constructionbim.faro.com/wp-json/oembed/1.0/embed55a2.json]
[constructionbim.faro.com/pt/gerenciamento-de-instalacoes/index.html]
[constructionbim.faro.com/wp-json/oembed/1.0/embedb3bf]
[constructionbim.faro.com/wp-json/oembed/1.0/embedeee5.json]
[constructionbim.faro.com/pt/recursos/index.html]
[constructionbim.faro.com/wp-json/oembed/1.0/embedea65.json]
[constructionbim.faro.com/wp-json/oembed/1.0/embedd098]
[constructionbim.faro.com/wp-json/oembed/1.0/embedd0ee]
[constructionbim.faro.com/pl/architektura/index.html]
[constructionbim.faro.com/pl/budownictwo/index.html]
[constructionbim.faro.com/pl/inzynieria/index.html]
[constructionbim.faro.com/pl/inzynieria-ladowa-i-wodna-geodezja/index.html]
[constructionbim.faro.com/pl/kontakt/index.html]
[constructionbim.faro.com/pl/ochrona-zabytkow/index.html]
[constructionbim.faro.com/pl/zarzadzanie-infrastruktura/index.html]
[constructionbim.faro.com/wp-json/oembed/1.0/embed3f19.json]
[constructionbim.faro.com/wp-json/oembed/1.0/embed1b2c]
[constructionbim.faro.com/nl/architectuur/index.html]
[constructionbim.faro.com/nl/bouw/index.html]
[constructionbim.faro.com/nl/engineering/index.html]
[constructionbim.faro.com/nl/civiele-techniekgeodesie/index.html]
[constructionbim.faro.com/nl/contact/index.html]
[constructionbim.faro.com/wp-content/uploads/sites/4/2017/03/MonuMap-for-AutoCAD.jpg]
[constructionbim.faro.com/nl/cultureel-erfgoed/index.html]
[constructionbim.faro.com/nl/facilitair-management/index.html]
[constructionbim.faro.com/nl/nl/cultureel-erfgoed/index.html]
[constructionbim.faro.com/index3c55.html]
[constructionbim.faro.com/wp-json/oembed/1.0/embed09e3.json]
[constructionbim.faro.com/wp-json/oembed/1.0/embed2667]
[constructionbim.faro.com/index5643.html]
[constructionbim.faro.com/wp-json/oembed/1.0/embedf1f9.json]
[constructionbim.faro.com/wp-json/oembed/1.0/embed5ea8]
[constructionbim.faro.com/index7914.html]
[constructionbim.faro.com/indexb9ab.html]
[constructionbim.faro.com/wp-json/oembed/1.0/embed5e90.json]
[constructionbim.faro.com/wp-json/oembed/1.0/embedfc41]
[constructionbim.faro.com/indexa41a.html]
[constructionbim.faro.com/wp-json/oembed/1.0/embed4eb5.json]
[constructionbim.faro.com/wp-json/oembed/1.0/embed0199]
[constructionbim.faro.com/index9fdd.html]
[constructionbim.faro.com/wp-json/oembed/1.0/embed2bb2.json]
[constructionbim.faro.com/wp-json/oembed/1.0/embed6e21]
[constructionbim.faro.com/index15df.html]
[constructionbim.faro.com/wp-json/oembed/1.0/embed77d2.json]
[constructionbim.faro.com/wp-json/oembed/1.0/embed9d88]
[constructionbim.faro.com/index350f.html]
[constructionbim.faro.com/wp-json/oembed/1.0/embed43c6.json]
[constructionbim.faro.com/wp-json/oembed/1.0/embed1b35]
[constructionbim.faro.com/en/en/contact-us/index.html]
[constructionbim.faro.com/indexb367.html]
[constructionbim.faro.com/wp-json/oembed/1.0/embeda359.json]
[constructionbim.faro.com/wp-json/oembed/1.0/embedbcdf]
[constructionbim.faro.com/en/traceable-construction/en/contact-us/index.html]
[constructionbim.faro.com/en/traceable-construction/en/home.html]
[constructionbim.faro.com/indexf436.html]
[constructionbim.faro.com/wp-json/oembed/1.0/embed32a7.json]
[constructionbim.faro.com/wp-json/oembed/1.0/embed3fdc]
[constructionbim.faro.com/index8273.html]
[constructionbim.faro.com/wp-json/oembed/1.0/embed0749.json]
[constructionbim.faro.com/wp-json/oembed/1.0/embedcee5]
[constructionbim.faro.com/indexdead.html]
[constructionbim.faro.com/wp-json/oembed/1.0/embeda280.json]
[constructionbim.faro.com/wp-json/oembed/1.0/embed133d]
[constructionbim.faro.com/indexb913.html]
[constructionbim.faro.com/wp-json/oembed/1.0/embed7b6f.json]
[constructionbim.faro.com/wp-json/oembed/1.0/embedab72]
[constructionbim.faro.com/indexb93f.html]
[constructionbim.faro.com/wp-json/oembed/1.0/embed4406.json]
[constructionbim.faro.com/wp-json/oembed/1.0/embed99a8]
[netdna.bootstrapcdn.com/bootstrap/3.1.1/css/bootstrap.min.css]
[netdna.bootstrapcdn.com/bootstrap/3.1.1/css/bootstrap-theme.min.css]
[constructionbim.faro.com/index1e7e.html]
[constructionbim.faro.com/wp-json/oembed/1.0/embede5e3.json]
[constructionbim.faro.com/wp-json/oembed/1.0/embed9d14]
[constructionbim.faro.com/indexc508.html]
[constructionbim.faro.com/wp-json/oembed/1.0/embed34aa.json]
[constructionbim.faro.com/wp-json/oembed/1.0/embed2a34]
[constructionbim.faro.com/indexc9d1.html]
[constructionbim.faro.com/index4f61.html]
[constructionbim.faro.com/index27cd.html]
[constructionbim.faro.com/index80c9.html]
[constructionbim.faro.com/index5795.html]
[constructionbim.faro.com/index44d6.html]
[constructionbim.faro.com/indexa873.html]
[constructionbim.faro.com/index9c73.html]
[constructionbim.faro.com/wp-json/oembed/1.0/embed16e0.json]
[constructionbim.faro.com/wp-json/oembed/1.0/embed9df4]
[constructionbim.faro.com/index313f.html]
[constructionbim.faro.com/wp-json/oembed/1.0/embedf55d.json]
[constructionbim.faro.com/wp-json/oembed/1.0/embedfac4]
[constructionbim.faro.com/index9fa1.html]
[constructionbim.faro.com/wp-json/oembed/1.0/embedb053.json]
[constructionbim.faro.com/wp-json/oembed/1.0/embeddb01]
[constructionbim.faro.com/index1406.html]
[constructionbim.faro.com/wp-json/oembed/1.0/embedb05d.json]
[constructionbim.faro.com/wp-json/oembed/1.0/embeda682]
[constructionbim.faro.com/index5ed4.html]
[constructionbim.faro.com/wp-json/oembed/1.0/embede6a6.json]
[constructionbim.faro.com/wp-json/oembed/1.0/embede5e9]
[constructionbim.faro.com/index2812.html]
[constructionbim.faro.com/wp-json/oembed/1.0/embed5081.json]
[constructionbim.faro.com/wp-json/oembed/1.0/embed7ddd]
[constructionbim.faro.com/en/resources/index.html]
[constructionbim.faro.com/de/downloads/index.html]
[constructionbim.faro.com/zh/resources/index.html]
[constructionbim.faro.com/ja/resources/index.html]
[constructionbim.faro.com/ko/resources/index.html]
[constructionbim.faro.com/es/descargas/index.html]
[constructionbim.faro.com/fr/telechargements/index.html]
[constructionbim.faro.com/sg/resources/index.html]
[constructionbim.faro.com/in/resources/index.html]
[constructionbim.faro.com/pl/do-pobrania/index.html]
[constructionbim.faro.com/nl/download/index.html]
[constructionbim.faro.com/wp-content/plugins/js_composer/assets/css/js_composer_tta.min9d08.css]
[constructionbim.faro.com/wp-content/plugins/js_composer/assets/lib/bower/font-awesome/fonts/fontawesome-webfont5b62.eot]
[constructionbim.faro.com/wp-content/plugins/js_composer/assets/lib/bower/font-awesome/fonts/fontawesome-webfontd41d.eot]
[constructionbim.faro.com/wp-content/plugins/js_composer/assets/lib/bower/font-awesome/fonts/fontawesome-webfont5b62.woff]
[constructionbim.faro.com/wp-content/plugins/js_composer/assets/lib/bower/font-awesome/fonts/fontawesome-webfont5b62.ttf]
[constructionbim.faro.com/wp-content/plugins/js_composer/assets/lib/bower/font-awesome/css/font-awesome.min9d08.css]
[constructionbim.faro.com/indexfbc5.html]
[constructionbim.faro.com/indexc807.html]
[constructionbim.faro.com/wp-json/oembed/1.0/embedc912.json]
[constructionbim.faro.com/wp-json/oembed/1.0/embed8999]
[constructionbim.faro.com/index548d.html]
[constructionbim.faro.com/wp-json/oembed/1.0/embed4365.json]
[constructionbim.faro.com/wp-json/oembed/1.0/embed4907]
[constructionbim.faro.com/indexd728.html]
[constructionbim.faro.com/wp-json/oembed/1.0/embedc30a.json]
[constructionbim.faro.com/wp-json/oembed/1.0/embed9037]
[constructionbim.faro.com/index5442.html]
[constructionbim.faro.com/wp-json/oembed/1.0/embed14eb.json]
[constructionbim.faro.com/wp-json/oembed/1.0/embed1768]
[constructionbim.faro.com/index7418.html]
[constructionbim.faro.com/wp-json/oembed/1.0/embed5bc6.json]
[constructionbim.faro.com/wp-json/oembed/1.0/embed9452]
[constructionbim.faro.com/index2cfd.html]
[constructionbim.faro.com/wp-json/oembed/1.0/embedcec0.json]
[constructionbim.faro.com/wp-json/oembed/1.0/embed5de4]
[constructionbim.faro.com/index8c55.html]
[constructionbim.faro.com/index2af5.html]
[constructionbim.faro.com/wp-json/oembed/1.0/embed3ef6.json]
[constructionbim.faro.com/wp-json/oembed/1.0/embed2a78]
[constructionbim.faro.com/indexbc9e.html]
[constructionbim.faro.com/wp-json/oembed/1.0/embed80f0.json]
[constructionbim.faro.com/wp-json/oembed/1.0/embed0508]
[constructionbim.faro.com/indexf167.html]
[constructionbim.faro.com/wp-json/oembed/1.0/embedd869.json]
[constructionbim.faro.com/wp-json/oembed/1.0/embed3a45]
[constructionbim.faro.com/index1263.html]
[constructionbim.faro.com/wp-json/oembed/1.0/embed6e79.json]
[constructionbim.faro.com/wp-json/oembed/1.0/embedeb6e]
[constructionbim.faro.com/indexb4b6.html]
[constructionbim.faro.com/wp-json/oembed/1.0/embed5257.json]
[constructionbim.faro.com/wp-json/oembed/1.0/embed06df]
[constructionbim.faro.com/indexb463.html]
[constructionbim.faro.com/wp-json/oembed/1.0/embedd549.json]
[constructionbim.faro.com/wp-json/oembed/1.0/embedf682]
[constructionbim.faro.com/index2206.html]
[constructionbim.faro.com/indexc9bf.html]
[constructionbim.faro.com/wp-json/oembed/1.0/embedd078.json]
[constructionbim.faro.com/wp-json/oembed/1.0/embed74b2]
[constructionbim.faro.com/indexe4db.html]
[constructionbim.faro.com/wp-json/oembed/1.0/embedca45.json]
[constructionbim.faro.com/wp-json/oembed/1.0/embed872d]
[constructionbim.faro.com/index0261.html]
[constructionbim.faro.com/wp-json/oembed/1.0/embedc1ff.json]
[constructionbim.faro.com/wp-json/oembed/1.0/embed5ef8]
[constructionbim.faro.com/index88c3.html]
[constructionbim.faro.com/wp-json/oembed/1.0/embede453.json]
[constructionbim.faro.com/wp-json/oembed/1.0/embeda804]
[constructionbim.faro.com/indexf770.html]
[constructionbim.faro.com/wp-json/oembed/1.0/embed5b14.json]
[constructionbim.faro.com/wp-json/oembed/1.0/embedd6c1]
[constructionbim.faro.com/index1905.html]
[constructionbim.faro.com/wp-json/oembed/1.0/embed687b.json]
[constructionbim.faro.com/wp-json/oembed/1.0/embed9c20]
[constructionbim.faro.com/index7255.html]
[constructionbim.faro.com/wp-json/oembed/1.0/embedecbf.json]
[constructionbim.faro.com/wp-json/oembed/1.0/embed3eaf]
[constructionbim.faro.com/indexcfab.html]
[constructionbim.faro.com/wp-json/oembed/1.0/embed8c70.json]
[constructionbim.faro.com/wp-json/oembed/1.0/embedec90]
[constructionbim.faro.com/index53ba.html]
[constructionbim.faro.com/wp-json/oembed/1.0/embedffe9.json]
[constructionbim.faro.com/wp-json/oembed/1.0/embed4cb2]
[constructionbim.faro.com/index7414.html]
[constructionbim.faro.com/wp-json/oembed/1.0/embedf061.json]
[constructionbim.faro.com/wp-json/oembed/1.0/embedbe95]
[constructionbim.faro.com/index6cd9.html]
[constructionbim.faro.com/wp-json/oembed/1.0/embed2251.json]
[constructionbim.faro.com/wp-json/oembed/1.0/embed518b]
[constructionbim.faro.com/index9910.html]
[constructionbim.faro.com/wp-json/oembed/1.0/embed71a2.json]
[constructionbim.faro.com/wp-json/oembed/1.0/embed28a2]
[constructionbim.faro.com/index676b.html]
[constructionbim.faro.com/wp-json/oembed/1.0/embed138d.json]
[constructionbim.faro.com/wp-json/oembed/1.0/embed3cd3]
[constructionbim.faro.com/index321c.html]
[constructionbim.faro.com/indexa1e2.html]
[constructionbim.faro.com/wp-json/oembed/1.0/embede34e.json]
[constructionbim.faro.com/wp-json/oembed/1.0/embed2ec6]
[constructionbim.faro.com/index0acd.html]
[constructionbim.faro.com/wp-json/oembed/1.0/embed42e8.json]
[constructionbim.faro.com/wp-json/oembed/1.0/embed9506]
[constructionbim.faro.com/index4126.html]
[constructionbim.faro.com/wp-json/oembed/1.0/embed4937.json]
[constructionbim.faro.com/wp-json/oembed/1.0/embed18b0]
[constructionbim.faro.com/index0133.html]
[constructionbim.faro.com/wp-json/oembed/1.0/embed962a.json]
[constructionbim.faro.com/wp-json/oembed/1.0/embedafe7]
[constructionbim.faro.com/indexeed3.html]
[constructionbim.faro.com/wp-json/oembed/1.0/embede00a.json]
[constructionbim.faro.com/wp-json/oembed/1.0/embedaf26]
[constructionbim.faro.com/index1865.html]
[constructionbim.faro.com/wp-json/oembed/1.0/embed30f5.json]
[constructionbim.faro.com/wp-json/oembed/1.0/embed287c]
[constructionbim.faro.com/index728e.html]
[constructionbim.faro.com/wp-json/oembed/1.0/embed566c.json]
[constructionbim.faro.com/wp-json/oembed/1.0/embed5d7d]
[constructionbim.faro.com/index84df.html]
[constructionbim.faro.com/wp-json/oembed/1.0/embed79b8.json]
[constructionbim.faro.com/wp-json/oembed/1.0/embedac47]
[constructionbim.faro.com/index44fb.html]
[constructionbim.faro.com/wp-json/oembed/1.0/embed38ae.json]
[constructionbim.faro.com/wp-json/oembed/1.0/embed8d20]
[constructionbim.faro.com/indexbcc1.html]
[constructionbim.faro.com/wp-json/oembed/1.0/embed4ccd.json]
[constructionbim.faro.com/wp-json/oembed/1.0/embed219f]
[constructionbim.faro.com/index3dc6.html]
[constructionbim.faro.com/wp-json/oembed/1.0/embedf2e6.json]
[constructionbim.faro.com/wp-json/oembed/1.0/embed29a1]
[constructionbim.faro.com/index1df0.html]
[constructionbim.faro.com/wp-json/oembed/1.0/embedf9ae.json]
[constructionbim.faro.com/wp-json/oembed/1.0/embedec52]
[constructionbim.faro.com/index5dd3.html]
[constructionbim.faro.com/wp-json/oembed/1.0/embed3d1d.json]
[constructionbim.faro.com/wp-json/oembed/1.0/embed109f]
[constructionbim.faro.com/indexf763.html]
[constructionbim.faro.com/wp-json/oembed/1.0/embed7add.json]
[constructionbim.faro.com/wp-json/oembed/1.0/embedad68]
[constructionbim.faro.com/indexf884.html]
[constructionbim.faro.com/indexd072.html]
[constructionbim.faro.com/wp-json/oembed/1.0/embedef16.json]
[constructionbim.faro.com/wp-json/oembed/1.0/embedcb3c]
[constructionbim.faro.com/indexea31.html]
[constructionbim.faro.com/wp-json/oembed/1.0/embed252d.json]
[constructionbim.faro.com/wp-json/oembed/1.0/embedf95d]
[constructionbim.faro.com/index13b6.html]
[constructionbim.faro.com/wp-json/oembed/1.0/embed8276.json]
[constructionbim.faro.com/wp-json/oembed/1.0/embed2eb8]
[constructionbim.faro.com/index27ac.html]
[constructionbim.faro.com/wp-json/oembed/1.0/embed25a5.json]
[constructionbim.faro.com/wp-json/oembed/1.0/embed352d]
[constructionbim.faro.com/index8042.html]
[constructionbim.faro.com/wp-json/oembed/1.0/embedaf64.json]
[constructionbim.faro.com/wp-json/oembed/1.0/embed6b7f]
[constructionbim.faro.com/index6d4c.html]
[constructionbim.faro.com/wp-json/oembed/1.0/embed4cf8.json]
[constructionbim.faro.com/wp-json/oembed/1.0/embedfa3a]
[constructionbim.faro.com/index942e.html]
[constructionbim.faro.com/index9fb4.html]
[constructionbim.faro.com/wp-json/oembed/1.0/embed5d31.json]
[constructionbim.faro.com/wp-json/oembed/1.0/embed4fbd]
[constructionbim.faro.com/indexa83f.html]
[constructionbim.faro.com/wp-json/oembed/1.0/embed4faa.json]
[constructionbim.faro.com/wp-json/oembed/1.0/embed146f]
[constructionbim.faro.com/index8146.html]
[constructionbim.faro.com/wp-json/oembed/1.0/embedec31.json]
[constructionbim.faro.com/wp-json/oembed/1.0/embed05c2]
[constructionbim.faro.com/indexc7ce.html]
[constructionbim.faro.com/wp-json/oembed/1.0/embed888b.json]
[constructionbim.faro.com/wp-json/oembed/1.0/embed2c5e]
[constructionbim.faro.com/index44ed.html]
[constructionbim.faro.com/wp-json/oembed/1.0/embedf499.json]
[constructionbim.faro.com/wp-json/oembed/1.0/embedc5ed]
[constructionbim.faro.com/index3ac4.html]
[constructionbim.faro.com/wp-json/oembed/1.0/embedc53d.json]
[constructionbim.faro.com/wp-json/oembed/1.0/embed8cf8]
[constructionbim.faro.com/index79e7.html]
[constructionbim.faro.com/wp-json/oembed/1.0/embedbb38.json]
[constructionbim.faro.com/wp-json/oembed/1.0/embed59a1]
[constructionbim.faro.com/indexdc17.html]
[constructionbim.faro.com/indexa102.html]
[constructionbim.faro.com/indexb916.html]
[constructionbim.faro.com/index42fe.html]
[constructionbim.faro.com/indexe467.html]
[constructionbim.faro.com/index4b30.html]
[constructionbim.faro.com/index7d87.html]
[constructionbim.faro.com/indexf9ae.html]
[constructionbim.faro.com/wp-json/oembed/1.0/embedfdfa.json]
[constructionbim.faro.com/wp-json/oembed/1.0/embedc3be]
[constructionbim.faro.com/index4ab5.html]
[constructionbim.faro.com/index895e.html]
[constructionbim.faro.com/index8ae4.html]
[constructionbim.faro.com/index8c8c.html]
[constructionbim.faro.com/index53f0.html]
[constructionbim.faro.com/index922d.html]
[constructionbim.faro.com/indexa013.html]
[constructionbim.faro.com/index47dc.html]
[constructionbim.faro.com/wp-json/oembed/1.0/embedbe1d.json]
[constructionbim.faro.com/wp-json/oembed/1.0/embed898f]
[constructionbim.faro.com/index2025.html]
[constructionbim.faro.com/wp-json/oembed/1.0/embedffcc.json]
[constructionbim.faro.com/wp-json/oembed/1.0/embed53d2]
[constructionbim.faro.com/index767a.html]
[constructionbim.faro.com/wp-json/oembed/1.0/embed2edb.json]
[constructionbim.faro.com/wp-json/oembed/1.0/embed46fc]
[constructionbim.faro.com/index63ba.html]
[constructionbim.faro.com/wp-json/oembed/1.0/embed55ef.json]
[constructionbim.faro.com/wp-json/oembed/1.0/embed3843]
[constructionbim.faro.com/indexc5e7.html]
[constructionbim.faro.com/wp-json/oembed/1.0/embed0806.json]
[constructionbim.faro.com/wp-json/oembed/1.0/embedf912]
[constructionbim.faro.com/indexd58a.html]
[constructionbim.faro.com/wp-json/oembed/1.0/embedb1a0.json]
[constructionbim.faro.com/wp-json/oembed/1.0/embed13f7]
[constructionbim.faro.com/index6d2f.html]
[constructionbim.faro.com/wp-json/oembed/1.0/embedaa29.json]
[constructionbim.faro.com/wp-json/oembed/1.0/embedc1f7]
[constructionbim.faro.com/index0228.html]
[constructionbim.faro.com/wp-json/oembed/1.0/embed48a4.json]
[constructionbim.faro.com/wp-json/oembed/1.0/embed3eba]
[constructionbim.faro.com/index5262.html]
[constructionbim.faro.com/wp-json/oembed/1.0/embedf09e.json]
[constructionbim.faro.com/wp-json/oembed/1.0/embed4489]
[constructionbim.faro.com/index9e60.html]
[constructionbim.faro.com/wp-json/oembed/1.0/embed2b56.json]
[constructionbim.faro.com/wp-json/oembed/1.0/embedaa5a]
[constructionbim.faro.com/index91ff.html]
[constructionbim.faro.com/wp-json/oembed/1.0/embed7904.json]
[constructionbim.faro.com/wp-json/oembed/1.0/embedeff2]
[constructionbim.faro.com/index5874.html]
[constructionbim.faro.com/wp-json/oembed/1.0/embed0798.json]
[constructionbim.faro.com/wp-json/oembed/1.0/embed0df5]
[constructionbim.faro.com/index7221.html]
[constructionbim.faro.com/wp-json/oembed/1.0/embed7874.json]
[constructionbim.faro.com/wp-json/oembed/1.0/embedb980]
[constructionbim.faro.com/indexdd87.html]
[constructionbim.faro.com/wp-json/oembed/1.0/embedfd52.json]
[constructionbim.faro.com/wp-json/oembed/1.0/embede488]
[constructionbim.faro.com/index0d0b.html]
[constructionbim.faro.com/wp-json/oembed/1.0/embed9a8c.json]
[constructionbim.faro.com/wp-json/oembed/1.0/embeda61a]
[constructionbim.faro.com/indexb022.html]
[constructionbim.faro.com/wp-json/oembed/1.0/embed030c.json]
[constructionbim.faro.com/wp-json/oembed/1.0/embedc9b5]
[constructionbim.faro.com/index9ed5.html]
[constructionbim.faro.com/wp-json/oembed/1.0/embedfcab.json]
[constructionbim.faro.com/wp-json/oembed/1.0/embeda7c8]
[constructionbim.faro.com/index2807.html]
[constructionbim.faro.com/wp-json/oembed/1.0/embedb8a0.json]
[constructionbim.faro.com/wp-json/oembed/1.0/embed0f14]
[constructionbim.faro.com/indexb015.html]
[constructionbim.faro.com/wp-json/oembed/1.0/embed2f82.json]
[constructionbim.faro.com/wp-json/oembed/1.0/embeda0ce]
[constructionbim.faro.com/index5024.html]
[constructionbim.faro.com/wp-json/oembed/1.0/embedec90.json]
[constructionbim.faro.com/wp-json/oembed/1.0/embed7aa8]
[constructionbim.faro.com/index8962.html]
[constructionbim.faro.com/wp-json/oembed/1.0/embed8101.json]
[constructionbim.faro.com/wp-json/oembed/1.0/embed2604]
[constructionbim.faro.com/index5657.html]
[constructionbim.faro.com/wp-json/oembed/1.0/embede2d8.json]
[constructionbim.faro.com/wp-json/oembed/1.0/embedb395]
[constructionbim.faro.com/index54a8.html]
[constructionbim.faro.com/wp-json/oembed/1.0/embedc06c.json]
[constructionbim.faro.com/wp-json/oembed/1.0/embede4bf]
[constructionbim.faro.com/index31fc.html]
[constructionbim.faro.com/wp-json/oembed/1.0/embedff60.json]
[constructionbim.faro.com/wp-json/oembed/1.0/embed2689]
[constructionbim.faro.com/indexcff5.html]
[constructionbim.faro.com/wp-json/oembed/1.0/embedce65.json]
[constructionbim.faro.com/wp-json/oembed/1.0/embed3d66]
[constructionbim.faro.com/wp-content/plugins/js_composer/assets/lib/bower/font-awesome/fonts/fontawesome-webfont5b62.html]
[constructionbim.faro.com/wp-content/plugins/js_composer/assets/lib/bower/font-awesome/fonts/fontawesome-webfont5b62.svg]
